{
  "data": {
    "updateShippingContainer": {
      "shippingContainer": {
        "id": "1",
        "name": "Container 2",
        "space": {
          "length": 20,
          "width": 20,
          "height": 20
        }
      }
    }
  }
}
