{
  "data": {
    "shippingContainers": [
      {
        "id": "0",
        "name": "Container 2",
        "space": {
          "length": 20,
          "width": 20,
          "height": 20
        }
      },
      {
        "id": "1",
        "name": "Container 3",
        "space": {
          "length": 10,
          "width": 10,
          "height": 10
        }
      }
    ]
  }
}
